interactions:
- request:
    body: '{}'
    headers:
      Accept:
      - application/json
      Accept-Encoding:
      - gzip, deflate
      Connection:
      - keep-alive
      Content-Length:
      - '2'
      Content-Type:
      - application/json
      User-Agent:
      - azsdk-python-communication-identity/1.2.0 Python/3.10.4 (Windows-10-10.0.19044-SP0)
      x-ms-date:
      - Fri, 29 Apr 2022 03:42:57 GMT
      x-ms-return-client-request-id:
      - 'true'
    method: POST
    uri: https://rooms-ppe-us.ppe.communication.azure.net/identities?api-version=2021-10-31-preview
  response:
    body:
      string: '{"identity":{"id":"8:acs:db75ed0c-e801-41a3-99a4-66a0a119a06c_00000011-134b-c847-88f7-084822002d05"}}'
    headers:
      api-supported-versions:
      - 2020-07-20-preview2, 2021-02-22-preview1, 2021-03-07, 2021-10-31-preview,
        2021-11-01, 2022-06-01
      content-length:
      - '101'
      content-type:
      - application/json; charset=utf-8
      date:
      - Fri, 29 Apr 2022 03:42:57 GMT
      ms-cv:
      - PgfK+jlByEeGHzpEnwYvmA.0
      request-context:
      - appId=
      strict-transport-security:
      - max-age=2592000
      x-cache:
      - CONFIG_NOCACHE
      x-processing-time:
      - 28ms
    status:
      code: 201
      message: Created
- request:
    body: '{}'
    headers:
      Accept:
      - application/json
      Accept-Encoding:
      - gzip, deflate
      Connection:
      - keep-alive
      Content-Length:
      - '2'
      Content-Type:
      - application/json
      User-Agent:
      - azsdk-python-communication-identity/1.2.0 Python/3.10.4 (Windows-10-10.0.19044-SP0)
      x-ms-date:
      - Fri, 29 Apr 2022 03:42:57 GMT
      x-ms-return-client-request-id:
      - 'true'
    method: POST
    uri: https://rooms-ppe-us.ppe.communication.azure.net/identities?api-version=2021-10-31-preview
  response:
    body:
      string: '{"identity":{"id":"8:acs:db75ed0c-e801-41a3-99a4-66a0a119a06c_00000011-134b-c8a5-88f7-084822002d06"}}'
    headers:
      api-supported-versions:
      - 2020-07-20-preview2, 2021-02-22-preview1, 2021-03-07, 2021-10-31-preview,
        2021-11-01, 2022-06-01
      content-length:
      - '101'
      content-type:
      - application/json; charset=utf-8
      date:
      - Fri, 29 Apr 2022 03:42:57 GMT
      ms-cv:
      - B6asKpZMCEa8DgYTX1C7eA.0
      request-context:
      - appId=
      strict-transport-security:
      - max-age=2592000
      x-cache:
      - CONFIG_NOCACHE
      x-processing-time:
      - 28ms
    status:
      code: 201
      message: Created
- request:
    body: '{}'
    headers:
      Accept:
      - application/json
      Accept-Encoding:
      - gzip, deflate
      Connection:
      - keep-alive
      Content-Length:
      - '2'
      Content-Type:
      - application/json
      User-Agent:
      - azsdk-python-communication-identity/1.2.0 Python/3.10.4 (Windows-10-10.0.19044-SP0)
      x-ms-date:
      - Fri, 29 Apr 2022 03:42:57 GMT
      x-ms-return-client-request-id:
      - 'true'
    method: POST
    uri: https://rooms-ppe-us.ppe.communication.azure.net/identities?api-version=2021-10-31-preview
  response:
    body:
      string: '{"identity":{"id":"8:acs:db75ed0c-e801-41a3-99a4-66a0a119a06c_00000011-134b-c934-88f7-084822002d0b"}}'
    headers:
      api-supported-versions:
      - 2020-07-20-preview2, 2021-02-22-preview1, 2021-03-07, 2021-10-31-preview,
        2021-11-01, 2022-06-01
      content-length:
      - '101'
      content-type:
      - application/json; charset=utf-8
      date:
      - Fri, 29 Apr 2022 03:42:57 GMT
      ms-cv:
      - F1AqIOTYF0OWPy+QWqVI1A.0
      request-context:
      - appId=
      strict-transport-security:
      - max-age=2592000
      x-cache:
      - CONFIG_NOCACHE
      x-processing-time:
      - 60ms
    status:
      code: 201
      message: Created
- request:
    body: '{}'
    headers:
      Accept:
      - application/json, text/json
      Content-Length:
      - '2'
      Content-Type:
      - application/json
      Repeatability-First-Sent:
      - '2022-04-29T03:42:57.81103Z'
      Repeatability-Request-ID:
      - 75c9775d-c76e-11ec-adfb-985fd3c6ae82
      User-Agent:
      - azsdk-python-communication-rooms/1.1.0 Python/3.10.4 (Windows-10-10.0.19044-SP0)
      x-ms-date:
      - Fri, 29 Apr 2022 03:42:57 GMT
      x-ms-return-client-request-id:
      - 'true'
    method: POST
    uri: https://rooms-ppe-us.ppe.communication.azure.net/rooms?api-version=2022-02-01
  response:
    body:
      string: '{"id":"99415352450744882","createdDateTime":"2022-04-29T03:42:58.5150749+00:00","validFrom":"2022-04-29T03:42:58.4030751+00:00","validUntil":"2022-10-26T03:42:58.4030751+00:00"}'
    headers:
      api-supported-versions: 2021-04-07, 2022-02-01
      content-type: application/json; charset=utf-8
      date: Fri, 29 Apr 2022 03:42:58 GMT
      ms-cv: +NF4mpRKOUKKn6iLLFEXIA.0
      repeatability-result: accepted
      transfer-encoding: chunked
      x-cache: CONFIG_NOCACHE
    status:
      code: 201
      message: Created
    url: https://rooms-ppe-us.ppe.communication.azure.net/rooms?api-version=2022-02-01
- request:
    body: '{"participants": {"8:acs:db75ed0c-e801-41a3-99a4-66a0a119a06c_00000011-134b-c934-88f7-084822002d0b":
      {"role": "kafka"}, "8:acs:db75ed0c-e801-41a3-99a4-66a0a119a06c_00000011-134b-c847-88f7-084822002d05":
      {"role": "Presenter"}}}'
    headers:
      Accept:
      - application/json, text/json
      Content-Length:
      - '226'
      Content-Type:
      - application/merge-patch+json
      User-Agent:
      - azsdk-python-communication-rooms/1.1.0 Python/3.10.4 (Windows-10-10.0.19044-SP0)
      x-ms-date:
      - Fri, 29 Apr 2022 03:42:58 GMT
      x-ms-return-client-request-id:
      - 'true'
    method: PATCH
    uri: https://rooms-ppe-us.ppe.communication.azure.net/rooms/99415352450744882?api-version=2022-02-01
  response:
    body:
      string: '{"error":{"code":"BadRequest","message":"Provided role name kafka is
        not valid prebuilt role name for the participant. The valid prebuilt role
        names are: Organizer, Presenter, Attendee, Consumer."}}'
    headers:
      api-supported-versions: 2021-04-07, 2022-02-01
      content-type: application/json; charset=utf-8
      date: Fri, 29 Apr 2022 03:42:58 GMT
      ms-cv: /ZsOa+nGOEmOzqcjNAHExg.0
      transfer-encoding: chunked
      x-cache: CONFIG_NOCACHE
    status:
      code: 400
      message: Bad Request
    url: https://rooms-ppe-us.ppe.communication.azure.net/rooms/99415352450744882?api-version=2022-02-01
version: 1
