interactions:
- request:
    body: '{}'
    headers:
      Accept:
      - application/json
      Accept-Encoding:
      - gzip, deflate
      Connection:
      - keep-alive
      Content-Length:
      - '2'
      Content-Type:
      - application/json
      User-Agent:
      - azsdk-python-communication-identity/1.2.0 Python/3.9.6 (Windows-10-10.0.22000-SP0)
      x-ms-date:
      - Mon, 21 Mar 2022 17:16:55 GMT
      x-ms-return-client-request-id:
      - 'true'
    method: POST
    uri: https://sanitized.communication.azure.com/identities?api-version=2021-10-31-preview
  response:
    body:
      string: '{"identity": {"id": "8:acs:fac4607d-d2d0-40e5-84df-6f32ebd1251a_00000010-4d5c-f3ba-9ffb-9c3a0d007eca"}}'
    headers:
      api-supported-versions:
      - 2020-07-20-preview2, 2021-02-22-preview1, 2021-03-07, 2021-10-31-preview,
        2021-11-01, 2022-06-01
      content-length:
      - '101'
      content-type:
      - application/json; charset=utf-8
      date:
      - Mon, 21 Mar 2022 17:16:54 GMT
      ms-cv:
      - gKyeRwaU/EmunN590h23dw.0
      request-context:
      - appId=
      strict-transport-security:
      - max-age=2592000
      x-cache:
      - CONFIG_NOCACHE
      x-processing-time:
      - 86ms
    status:
      code: 201
      message: Created
- request:
    body: '{}'
    headers:
      Accept:
      - application/json
      Accept-Encoding:
      - gzip, deflate
      Connection:
      - keep-alive
      Content-Length:
      - '2'
      Content-Type:
      - application/json
      User-Agent:
      - azsdk-python-communication-identity/1.2.0 Python/3.9.6 (Windows-10-10.0.22000-SP0)
      x-ms-date:
      - Mon, 21 Mar 2022 17:16:55 GMT
      x-ms-return-client-request-id:
      - 'true'
    method: POST
    uri: https://sanitized.communication.azure.com/identities?api-version=2021-10-31-preview
  response:
    body:
      string: '{"identity": {"id": "8:acs:fac4607d-d2d0-40e5-84df-6f32ebd1251a_00000010-4d5c-f487-9ffb-9c3a0d007ecb"}}'
    headers:
      api-supported-versions:
      - 2020-07-20-preview2, 2021-02-22-preview1, 2021-03-07, 2021-10-31-preview,
        2021-11-01, 2022-06-01
      content-length:
      - '101'
      content-type:
      - application/json; charset=utf-8
      date:
      - Mon, 21 Mar 2022 17:16:54 GMT
      ms-cv:
      - 8rHFRnT4pUiz266/ZvUd9g.0
      request-context:
      - appId=
      strict-transport-security:
      - max-age=2592000
      x-cache:
      - CONFIG_NOCACHE
      x-processing-time:
      - 92ms
    status:
      code: 201
      message: Created
- request:
    body: '{}'
    headers:
      Accept:
      - application/json
      Accept-Encoding:
      - gzip, deflate
      Connection:
      - keep-alive
      Content-Length:
      - '2'
      Content-Type:
      - application/json
      User-Agent:
      - azsdk-python-communication-identity/1.2.0 Python/3.9.6 (Windows-10-10.0.22000-SP0)
      x-ms-date:
      - Mon, 21 Mar 2022 17:16:56 GMT
      x-ms-return-client-request-id:
      - 'true'
    method: POST
    uri: https://sanitized.communication.azure.com/identities?api-version=2021-10-31-preview
  response:
    body:
      string: '{"identity": {"id": "8:acs:fac4607d-d2d0-40e5-84df-6f32ebd1251a_00000010-4d5c-f5c6-9ffb-9c3a0d007ecc"}}'
    headers:
      api-supported-versions:
      - 2020-07-20-preview2, 2021-02-22-preview1, 2021-03-07, 2021-10-31-preview,
        2021-11-01, 2022-06-01
      content-length:
      - '101'
      content-type:
      - application/json; charset=utf-8
      date:
      - Mon, 21 Mar 2022 17:16:54 GMT
      ms-cv:
      - EXHyHCYo3EGoHqQ+zvmTng.0
      request-context:
      - appId=
      strict-transport-security:
      - max-age=2592000
      x-cache:
      - CONFIG_NOCACHE
      x-processing-time:
      - 94ms
    status:
      code: 201
      message: Created
- request:
    body: '{"validFrom": "2022-03-24T10:16:56.529433Z", "validUntil": "2022-05-24T10:16:56.529433Z",
      "participants": "sanitized"}'
    headers:
      Accept:
      - application/json, text/json
      Content-Length:
      - '194'
      Content-Type:
      - application/json
      User-Agent:
      - azsdk-python-communication-rooms/1.1.0 Python/3.9.6 (Windows-10-10.0.22000-SP0)
      x-ms-date:
      - Mon, 21 Mar 2022 17:16:56 GMT
      x-ms-return-client-request-id:
      - 'true'
    method: POST
    uri: https://sanitized.communication.azure.com/rooms?api-version=2021-04-07
  response:
    body:
      string: '{"room": {"id": "99454597523669984", "createdDateTime": "2022-03-21T17:16:55.5326953+00:00",
        "validFrom": "2022-03-24T10:16:56.529433+00:00", "validUntil": "2022-05-24T10:16:56.529433+00:00",
        "participants": "sanitized"}}'
    headers:
      api-supported-versions: 2021-04-07, 2022-02-01
      content-type: application/json; charset=utf-8
      date: Mon, 21 Mar 2022 17:16:55 GMT
      ms-cv: lKbuIX/PaEyvr4wh7VP6ng.0
      transfer-encoding: chunked
      x-cache: CONFIG_NOCACHE
    status:
      code: 201
      message: Created
    url: https://sanitized.communication.azure.com/rooms?api-version=2021-04-07
- request:
    body: ''
    headers:
      Accept:
      - application/json, text/json
      User-Agent:
      - azsdk-python-communication-rooms/1.1.0 Python/3.9.6 (Windows-10-10.0.22000-SP0)
      x-ms-date:
      - Mon, 21 Mar 2022 17:16:57 GMT
      x-ms-return-client-request-id:
      - 'true'
    method: GET
    uri: https://sanitized.communication.azure.com/rooms/99454597523669984?api-version=2021-04-07
  response:
    body:
      string: '{"id": "99454597523669984", "createdDateTime": "2022-03-21T17:16:55.5326953+00:00",
        "validFrom": "2022-03-24T10:16:56.529433+00:00", "validUntil": "2022-05-24T10:16:56.529433+00:00",
        "participants": "sanitized"}'
    headers:
      api-supported-versions: 2021-04-07, 2022-02-01
      content-type: application/json; charset=utf-8
      date: Mon, 21 Mar 2022 17:16:56 GMT
      ms-cv: k5H72KedKUyXqbjGABN2iw.0
      transfer-encoding: chunked
      x-cache: CONFIG_NOCACHE
    status:
      code: 200
      message: OK
    url: https://sanitized.communication.azure.com/rooms/99454597523669984?api-version=2021-04-07
- request:
    body: ''
    headers:
      Accept:
      - application/json
      User-Agent:
      - azsdk-python-communication-rooms/1.1.0 Python/3.9.6 (Windows-10-10.0.22000-SP0)
      x-ms-date:
      - Mon, 21 Mar 2022 17:16:58 GMT
      x-ms-return-client-request-id:
      - 'true'
    method: DELETE
    uri: https://sanitized.communication.azure.com/rooms/99454597523669984?api-version=2021-04-07
  response:
    body:
      string: ''
    headers:
      api-supported-versions: 2021-04-07, 2022-02-01
      date: Mon, 21 Mar 2022 17:16:56 GMT
      ms-cv: N+/hxUax7ESSrY32bBDxhg.0
      x-cache: CONFIG_NOCACHE
    status:
      code: 204
      message: No Content
    url: https://sanitized.communication.azure.com/rooms/99454597523669984?api-version=2021-04-07
- request:
    body: null
    headers:
      Accept:
      - application/json
      Accept-Encoding:
      - gzip, deflate
      Connection:
      - keep-alive
      Content-Length:
      - '0'
      User-Agent:
      - azsdk-python-communication-identity/1.2.0 Python/3.9.6 (Windows-10-10.0.22000-SP0)
      x-ms-date:
      - Mon, 21 Mar 2022 17:16:58 GMT
      x-ms-return-client-request-id:
      - 'true'
    method: DELETE
    uri: https://sanitized.communication.azure.com/identities/8%3Aacs%3Afac4607d-d2d0-40e5-84df-6f32ebd1251a_00000010-4d5c-f3ba-9ffb-9c3a0d007eca?api-version=2021-10-31-preview
  response:
    body:
      string: ''
    headers:
      api-supported-versions:
      - 2020-07-20-preview2, 2021-02-22-preview1, 2021-03-07, 2021-10-31-preview,
        2021-11-01, 2022-06-01
      date:
      - Mon, 21 Mar 2022 17:16:57 GMT
      ms-cv:
      - QusfBMMxE0ScuKj9xkRFtQ.0
      request-context:
      - appId=
      strict-transport-security:
      - max-age=2592000
      x-cache:
      - CONFIG_NOCACHE
      x-processing-time:
      - 293ms
    status:
      code: 204
      message: No Content
- request:
    body: null
    headers:
      Accept:
      - application/json
      Accept-Encoding:
      - gzip, deflate
      Connection:
      - keep-alive
      Content-Length:
      - '0'
      User-Agent:
      - azsdk-python-communication-identity/1.2.0 Python/3.9.6 (Windows-10-10.0.22000-SP0)
      x-ms-date:
      - Mon, 21 Mar 2022 17:16:58 GMT
      x-ms-return-client-request-id:
      - 'true'
    method: DELETE
    uri: https://sanitized.communication.azure.com/identities/8%3Aacs%3Afac4607d-d2d0-40e5-84df-6f32ebd1251a_00000010-4d5c-f487-9ffb-9c3a0d007ecb?api-version=2021-10-31-preview
  response:
    body:
      string: ''
    headers:
      api-supported-versions:
      - 2020-07-20-preview2, 2021-02-22-preview1, 2021-03-07, 2021-10-31-preview,
        2021-11-01, 2022-06-01
      date:
      - Mon, 21 Mar 2022 17:16:57 GMT
      ms-cv:
      - xstbuh9o30ebTukj+0r8cA.0
      request-context:
      - appId=
      strict-transport-security:
      - max-age=2592000
      x-cache:
      - CONFIG_NOCACHE
      x-processing-time:
      - 288ms
    status:
      code: 204
      message: No Content
- request:
    body: null
    headers:
      Accept:
      - application/json
      Accept-Encoding:
      - gzip, deflate
      Connection:
      - keep-alive
      Content-Length:
      - '0'
      User-Agent:
      - azsdk-python-communication-identity/1.2.0 Python/3.9.6 (Windows-10-10.0.22000-SP0)
      x-ms-date:
      - Mon, 21 Mar 2022 17:16:59 GMT
      x-ms-return-client-request-id:
      - 'true'
    method: DELETE
    uri: https://sanitized.communication.azure.com/identities/8%3Aacs%3Afac4607d-d2d0-40e5-84df-6f32ebd1251a_00000010-4d5c-f5c6-9ffb-9c3a0d007ecc?api-version=2021-10-31-preview
  response:
    body:
      string: ''
    headers:
      api-supported-versions:
      - 2020-07-20-preview2, 2021-02-22-preview1, 2021-03-07, 2021-10-31-preview,
        2021-11-01, 2022-06-01
      date:
      - Mon, 21 Mar 2022 17:16:57 GMT
      ms-cv:
      - DZZJpcHhJkeCfDyOfofQbg.0
      request-context:
      - appId=
      strict-transport-security:
      - max-age=2592000
      x-cache:
      - CONFIG_NOCACHE
      x-processing-time:
      - 297ms
    status:
      code: 204
      message: No Content
version: 1
