interactions:
- request:
    body: '{}'
    headers:
      Accept:
      - application/json
      Accept-Encoding:
      - gzip, deflate
      Connection:
      - keep-alive
      Content-Length:
      - '2'
      Content-Type:
      - application/json
      User-Agent:
      - azsdk-python-communication-identity/1.2.0 Python/3.9.6 (Windows-10-10.0.22000-SP0)
      x-ms-date:
      - Thu, 17 Mar 2022 21:19:28 GMT
      x-ms-return-client-request-id:
      - 'true'
    method: POST
    uri: https://sanitized.communication.azure.com/identities?api-version=2021-10-31-preview
  response:
    body:
      string: '{"identity": {"id": "8:acs:fac4607d-d2d0-40e5-84df-6f32ebd1251a_00000010-39a1-9cdd-e3c7-593a0d004e16"}}'
    headers:
      api-supported-versions:
      - 2020-07-20-preview2, 2021-02-22-preview1, 2021-03-07, 2021-10-31-preview,
        2021-11-01, 2022-06-01
      content-length:
      - '101'
      content-type:
      - application/json; charset=utf-8
      date:
      - Thu, 17 Mar 2022 21:19:29 GMT
      ms-cv:
      - 441bA2AkZkGpcGv24o/gKA.0
      request-context:
      - appId=
      strict-transport-security:
      - max-age=2592000
      x-cache:
      - CONFIG_NOCACHE
      x-processing-time:
      - 41ms
    status:
      code: 201
      message: Created
- request:
    body: '{}'
    headers:
      Accept:
      - application/json
      Accept-Encoding:
      - gzip, deflate
      Connection:
      - keep-alive
      Content-Length:
      - '2'
      Content-Type:
      - application/json
      User-Agent:
      - azsdk-python-communication-identity/1.2.0 Python/3.9.6 (Windows-10-10.0.22000-SP0)
      x-ms-date:
      - Thu, 17 Mar 2022 21:19:29 GMT
      x-ms-return-client-request-id:
      - 'true'
    method: POST
    uri: https://sanitized.communication.azure.com/identities?api-version=2021-10-31-preview
  response:
    body:
      string: '{"identity": {"id": "8:acs:fac4607d-d2d0-40e5-84df-6f32ebd1251a_00000010-39a1-9d4f-e3c7-593a0d004e17"}}'
    headers:
      api-supported-versions:
      - 2020-07-20-preview2, 2021-02-22-preview1, 2021-03-07, 2021-10-31-preview,
        2021-11-01, 2022-06-01
      content-length:
      - '101'
      content-type:
      - application/json; charset=utf-8
      date:
      - Thu, 17 Mar 2022 21:19:29 GMT
      ms-cv:
      - 3y/Xa3hEFk67VNLlQPlIiw.0
      request-context:
      - appId=
      strict-transport-security:
      - max-age=2592000
      x-cache:
      - CONFIG_NOCACHE
      x-processing-time:
      - 24ms
    status:
      code: 201
      message: Created
- request:
    body: '{}'
    headers:
      Accept:
      - application/json
      Accept-Encoding:
      - gzip, deflate
      Connection:
      - keep-alive
      Content-Length:
      - '2'
      Content-Type:
      - application/json
      User-Agent:
      - azsdk-python-communication-identity/1.2.0 Python/3.9.6 (Windows-10-10.0.22000-SP0)
      x-ms-date:
      - Thu, 17 Mar 2022 21:19:29 GMT
      x-ms-return-client-request-id:
      - 'true'
    method: POST
    uri: https://sanitized.communication.azure.com/identities?api-version=2021-10-31-preview
  response:
    body:
      string: '{"identity": {"id": "8:acs:fac4607d-d2d0-40e5-84df-6f32ebd1251a_00000010-39a1-9dab-e3c7-593a0d004e18"}}'
    headers:
      api-supported-versions:
      - 2020-07-20-preview2, 2021-02-22-preview1, 2021-03-07, 2021-10-31-preview,
        2021-11-01, 2022-06-01
      content-length:
      - '101'
      content-type:
      - application/json; charset=utf-8
      date:
      - Thu, 17 Mar 2022 21:19:29 GMT
      ms-cv:
      - LOxWZ+S1Dk+meOL4sGcACg.0
      request-context:
      - appId=
      strict-transport-security:
      - max-age=2592000
      x-cache:
      - CONFIG_NOCACHE
      x-processing-time:
      - 23ms
    status:
      code: 201
      message: Created
- request:
    body: '{"validFrom": "2022-03-20T14:19:29.810903Z", "validUntil": "2022-07-20T14:19:29.810903Z",
      "participants": "sanitized"}'
    headers:
      Accept:
      - application/json, text/json
      Content-Length:
      - '194'
      Content-Type:
      - application/json
      User-Agent:
      - azsdk-python-communication-rooms/1.1.0 Python/3.9.6 (Windows-10-10.0.22000-SP0)
      x-ms-date:
      - Thu, 17 Mar 2022 21:19:29 GMT
      x-ms-return-client-request-id:
      - 'true'
    method: POST
    uri: https://sanitized.communication.azure.com/rooms?api-version=2021-04-07
  response:
    body:
      string: '{"room": {"id": "99487548941645089", "createdDateTime": "2022-03-17T21:19:30.1138855+00:00",
        "validFrom": "2022-03-20T14:19:29.810903+00:00", "validUntil": "2022-07-20T14:19:29.810903+00:00",
        "participants": "sanitized"}}'
    headers:
      api-supported-versions: 2021-04-07, 2022-02-01
      content-type: application/json; charset=utf-8
      date: Thu, 17 Mar 2022 21:19:29 GMT
      ms-cv: t4rd561BU0206VKNz0IbKw.0
      transfer-encoding: chunked
      x-cache: CONFIG_NOCACHE
    status:
      code: 201
      message: Created
    url: https://sanitized.communication.azure.com/rooms?api-version=2021-04-07
- request:
    body: ''
    headers:
      Accept:
      - application/json
      User-Agent:
      - azsdk-python-communication-rooms/1.1.0 Python/3.9.6 (Windows-10-10.0.22000-SP0)
      x-ms-date:
      - Thu, 17 Mar 2022 21:19:30 GMT
      x-ms-return-client-request-id:
      - 'true'
    method: DELETE
    uri: https://sanitized.communication.azure.com/rooms/99487548941645089?api-version=2021-04-07
  response:
    body:
      string: ''
    headers:
      api-supported-versions: 2021-04-07, 2022-02-01
      date: Thu, 17 Mar 2022 21:19:30 GMT
      ms-cv: 8KUi8ahfwE6zCK+1yFhiTw.0
      x-cache: CONFIG_NOCACHE
    status:
      code: 204
      message: No Content
    url: https://sanitized.communication.azure.com/rooms/99487548941645089?api-version=2021-04-07
- request:
    body: null
    headers:
      Accept:
      - application/json
      Accept-Encoding:
      - gzip, deflate
      Connection:
      - keep-alive
      Content-Length:
      - '0'
      User-Agent:
      - azsdk-python-communication-identity/1.2.0 Python/3.9.6 (Windows-10-10.0.22000-SP0)
      x-ms-date:
      - Thu, 17 Mar 2022 21:19:30 GMT
      x-ms-return-client-request-id:
      - 'true'
    method: DELETE
    uri: https://sanitized.communication.azure.com/identities/8%3Aacs%3Afac4607d-d2d0-40e5-84df-6f32ebd1251a_00000010-39a1-9cdd-e3c7-593a0d004e16?api-version=2021-10-31-preview
  response:
    body:
      string: ''
    headers:
      api-supported-versions:
      - 2020-07-20-preview2, 2021-02-22-preview1, 2021-03-07, 2021-10-31-preview,
        2021-11-01, 2022-06-01
      date:
      - Thu, 17 Mar 2022 21:19:30 GMT
      ms-cv:
      - I2UoijTcGUSyn4/D5X10KQ.0
      request-context:
      - appId=
      strict-transport-security:
      - max-age=2592000
      x-cache:
      - CONFIG_NOCACHE
      x-processing-time:
      - 147ms
    status:
      code: 204
      message: No Content
- request:
    body: null
    headers:
      Accept:
      - application/json
      Accept-Encoding:
      - gzip, deflate
      Connection:
      - keep-alive
      Content-Length:
      - '0'
      User-Agent:
      - azsdk-python-communication-identity/1.2.0 Python/3.9.6 (Windows-10-10.0.22000-SP0)
      x-ms-date:
      - Thu, 17 Mar 2022 21:19:30 GMT
      x-ms-return-client-request-id:
      - 'true'
    method: DELETE
    uri: https://sanitized.communication.azure.com/identities/8%3Aacs%3Afac4607d-d2d0-40e5-84df-6f32ebd1251a_00000010-39a1-9d4f-e3c7-593a0d004e17?api-version=2021-10-31-preview
  response:
    body:
      string: ''
    headers:
      api-supported-versions:
      - 2020-07-20-preview2, 2021-02-22-preview1, 2021-03-07, 2021-10-31-preview,
        2021-11-01, 2022-06-01
      date:
      - Thu, 17 Mar 2022 21:19:30 GMT
      ms-cv:
      - 1IgG28iQIEqrYHNLNmnNOg.0
      request-context:
      - appId=
      strict-transport-security:
      - max-age=2592000
      x-cache:
      - CONFIG_NOCACHE
      x-processing-time:
      - 187ms
    status:
      code: 204
      message: No Content
- request:
    body: null
    headers:
      Accept:
      - application/json
      Accept-Encoding:
      - gzip, deflate
      Connection:
      - keep-alive
      Content-Length:
      - '0'
      User-Agent:
      - azsdk-python-communication-identity/1.2.0 Python/3.9.6 (Windows-10-10.0.22000-SP0)
      x-ms-date:
      - Thu, 17 Mar 2022 21:19:31 GMT
      x-ms-return-client-request-id:
      - 'true'
    method: DELETE
    uri: https://sanitized.communication.azure.com/identities/8%3Aacs%3Afac4607d-d2d0-40e5-84df-6f32ebd1251a_00000010-39a1-9dab-e3c7-593a0d004e18?api-version=2021-10-31-preview
  response:
    body:
      string: ''
    headers:
      api-supported-versions:
      - 2020-07-20-preview2, 2021-02-22-preview1, 2021-03-07, 2021-10-31-preview,
        2021-11-01, 2022-06-01
      date:
      - Thu, 17 Mar 2022 21:19:30 GMT
      ms-cv:
      - UGHeM0En5kGpT7D3KhVHQA.0
      request-context:
      - appId=
      strict-transport-security:
      - max-age=2592000
      x-cache:
      - CONFIG_NOCACHE
      x-processing-time:
      - 165ms
    status:
      code: 204
      message: No Content
version: 1
