interactions:
- request:
    body: '{}'
    headers:
      Accept:
      - application/json
      Accept-Encoding:
      - gzip, deflate
      Connection:
      - keep-alive
      Content-Length:
      - '2'
      Content-Type:
      - application/json
      User-Agent:
      - azsdk-python-communication-identity/1.2.0 Python/3.10.4 (Windows-10-10.0.19044-SP0)
      x-ms-date:
      - Fri, 29 Apr 2022 03:42:54 GMT
      x-ms-return-client-request-id:
      - 'true'
    method: POST
    uri: https://rooms-ppe-us.ppe.communication.azure.net/identities?api-version=2021-10-31-preview
  response:
    body:
      string: '{"identity":{"id":"8:acs:db75ed0c-e801-41a3-99a4-66a0a119a06c_00000011-134b-be2d-88f7-084822002cfb"}}'
    headers:
      api-supported-versions:
      - 2020-07-20-preview2, 2021-02-22-preview1, 2021-03-07, 2021-10-31-preview,
        2021-11-01, 2022-06-01
      connection:
      - keep-alive
      content-length:
      - '101'
      content-type:
      - application/json; charset=utf-8
      date:
      - Fri, 29 Apr 2022 03:42:52 GMT
      ms-cv:
      - Yy5zVE/zckSTAtHoQhjVHQ.0
      request-context:
      - appId=
      strict-transport-security:
      - max-age=2592000
      x-cache:
      - CONFIG_NOCACHE
      x-processing-time:
      - 42ms
    status:
      code: 201
      message: Created
- request:
    body: '{}'
    headers:
      Accept:
      - application/json
      Accept-Encoding:
      - gzip, deflate
      Connection:
      - keep-alive
      Content-Length:
      - '2'
      Content-Type:
      - application/json
      User-Agent:
      - azsdk-python-communication-identity/1.2.0 Python/3.10.4 (Windows-10-10.0.19044-SP0)
      x-ms-date:
      - Fri, 29 Apr 2022 03:42:54 GMT
      x-ms-return-client-request-id:
      - 'true'
    method: POST
    uri: https://rooms-ppe-us.ppe.communication.azure.net/identities?api-version=2021-10-31-preview
  response:
    body:
      string: '{"identity":{"id":"8:acs:db75ed0c-e801-41a3-99a4-66a0a119a06c_00000011-134b-be93-88f7-084822002d02"}}'
    headers:
      api-supported-versions:
      - 2020-07-20-preview2, 2021-02-22-preview1, 2021-03-07, 2021-10-31-preview,
        2021-11-01, 2022-06-01
      connection:
      - keep-alive
      content-length:
      - '101'
      content-type:
      - application/json; charset=utf-8
      date:
      - Fri, 29 Apr 2022 03:42:52 GMT
      ms-cv:
      - q5RileYumE2szqpPFZmwhA.0
      request-context:
      - appId=
      strict-transport-security:
      - max-age=2592000
      x-cache:
      - CONFIG_NOCACHE
      x-processing-time:
      - 27ms
    status:
      code: 201
      message: Created
- request:
    body: '{}'
    headers:
      Accept:
      - application/json
      Accept-Encoding:
      - gzip, deflate
      Connection:
      - keep-alive
      Content-Length:
      - '2'
      Content-Type:
      - application/json
      User-Agent:
      - azsdk-python-communication-identity/1.2.0 Python/3.10.4 (Windows-10-10.0.19044-SP0)
      x-ms-date:
      - Fri, 29 Apr 2022 03:42:55 GMT
      x-ms-return-client-request-id:
      - 'true'
    method: POST
    uri: https://rooms-ppe-us.ppe.communication.azure.net/identities?api-version=2021-10-31-preview
  response:
    body:
      string: '{"identity":{"id":"8:acs:db75ed0c-e801-41a3-99a4-66a0a119a06c_00000011-134b-beec-88f7-084822002d03"}}'
    headers:
      api-supported-versions:
      - 2020-07-20-preview2, 2021-02-22-preview1, 2021-03-07, 2021-10-31-preview,
        2021-11-01, 2022-06-01
      connection:
      - keep-alive
      content-length:
      - '101'
      content-type:
      - application/json; charset=utf-8
      date:
      - Fri, 29 Apr 2022 03:42:52 GMT
      ms-cv:
      - ccEDHueyuEyfUo9EHnBW+g.0
      request-context:
      - appId=
      strict-transport-security:
      - max-age=2592000
      x-cache:
      - CONFIG_NOCACHE
      x-processing-time:
      - 32ms
    status:
      code: 201
      message: Created
- request:
    body: '{"validFrom": "2022-06-28T20:42:55.164183Z", "validUntil": "2022-07-28T20:42:55.164183Z",
      "participants": {}}'
    headers:
      Accept:
      - application/json, text/json
      Content-Length:
      - '109'
      Content-Type:
      - application/json
      Repeatability-First-Sent:
      - '2022-04-29T03:42:55.164183Z'
      Repeatability-Request-ID:
      - 743596e8-c76e-11ec-9b82-985fd3c6ae82
      User-Agent:
      - azsdk-python-communication-rooms/1.1.0 Python/3.10.4 (Windows-10-10.0.19044-SP0)
      x-ms-date:
      - Fri, 29 Apr 2022 03:42:55 GMT
      x-ms-return-client-request-id:
      - 'true'
    method: POST
    uri: https://rooms-ppe-us.ppe.communication.azure.net/rooms?api-version=2022-02-01
  response:
    body:
      string: '{"id":"99496067890039660","createdDateTime":"2022-04-29T03:42:55.5735644+00:00","validFrom":"2022-06-28T20:42:55.164183+00:00","validUntil":"2022-07-28T20:42:55.164183+00:00","participants":{}}'
    headers:
      api-supported-versions: 2021-04-07, 2022-02-01
      content-type: application/json; charset=utf-8
      date: Fri, 29 Apr 2022 03:42:55 GMT
      ms-cv: hjn/FFy7fESRRigsufeB+w.0
      repeatability-result: accepted
      transfer-encoding: chunked
      x-cache: CONFIG_NOCACHE
    status:
      code: 201
      message: Created
    url: https://rooms-ppe-us.ppe.communication.azure.net/rooms?api-version=2022-02-01
- request:
    body: '{"validFrom": "2022-06-28T20:42:55.164183Z"}'
    headers:
      Accept:
      - application/json, text/json
      Content-Length:
      - '44'
      Content-Type:
      - application/merge-patch+json
      User-Agent:
      - azsdk-python-communication-rooms/1.1.0 Python/3.10.4 (Windows-10-10.0.19044-SP0)
      x-ms-date:
      - Fri, 29 Apr 2022 03:42:55 GMT
      x-ms-return-client-request-id:
      - 'true'
    method: PATCH
    uri: https://rooms-ppe-us.ppe.communication.azure.net/rooms/99496067890039660?api-version=2022-02-01
  response:
    body:
      string: '{"type":"https://tools.ietf.org/html/rfc7231#section-6.5.1","title":"One
        or more validation errors occurred.","status":400,"traceId":"00-f9d19f867dc92aa91bce602ad38e0fb6-8a43c80c6c3912d9-00","errors":{"":["validFrom
        and validUntil should be set together."]}}'
    headers:
      content-type: application/problem+json; charset=utf-8
      date: Fri, 29 Apr 2022 03:42:55 GMT
      ms-cv: Pxme+aDE7kWJ2k5WlNPgCg.0
      transfer-encoding: chunked
      x-cache: CONFIG_NOCACHE
    status:
      code: 400
      message: Bad Request
    url: https://rooms-ppe-us.ppe.communication.azure.net/rooms/99496067890039660?api-version=2022-02-01
version: 1
