interactions:
- request:
    body: '{}'
    headers:
      Accept:
      - application/json
      Accept-Encoding:
      - gzip, deflate
      Connection:
      - keep-alive
      Content-Length:
      - '2'
      Content-Type:
      - application/json
      User-Agent:
      - azsdk-python-communication-identity/1.2.0 Python/3.9.6 (Windows-10-10.0.22000-SP0)
      x-ms-date:
      - Tue, 01 Mar 2022 20:02:24 GMT
      x-ms-return-client-request-id:
      - 'true'
    method: POST
    uri: https://sanitized.communication.azure.com/identities?api-version=2021-10-31-preview
  response:
    body:
      string: '{"identity": {"id": "8:acs:fac4607d-d2d0-40e5-84df-6f32ebd1251a_0000000f-e6f5-4b40-1000-343a0d003296"}}'
    headers:
      api-supported-versions:
      - 2020-07-20-preview2, 2021-02-22-preview1, 2021-03-07, 2021-03-31-preview1,
        2021-10-31-preview, 2021-11-01, 2022-06-01
      content-length:
      - '101'
      content-type:
      - application/json; charset=utf-8
      date:
      - Tue, 01 Mar 2022 20:02:23 GMT
      ms-cv:
      - 5FR6vcn/vUiDuCZJjXCPAw.0
      request-context:
      - appId=
      strict-transport-security:
      - max-age=2592000
      x-cache:
      - CONFIG_NOCACHE
      x-processing-time:
      - 23ms
    status:
      code: 201
      message: Created
- request:
    body: '{}'
    headers:
      Accept:
      - application/json
      Accept-Encoding:
      - gzip, deflate
      Connection:
      - keep-alive
      Content-Length:
      - '2'
      Content-Type:
      - application/json
      User-Agent:
      - azsdk-python-communication-identity/1.2.0 Python/3.9.6 (Windows-10-10.0.22000-SP0)
      x-ms-date:
      - Tue, 01 Mar 2022 20:02:24 GMT
      x-ms-return-client-request-id:
      - 'true'
    method: POST
    uri: https://sanitized.communication.azure.com/identities?api-version=2021-10-31-preview
  response:
    body:
      string: '{"identity": {"id": "8:acs:fac4607d-d2d0-40e5-84df-6f32ebd1251a_0000000f-e6f5-4b8a-1000-343a0d003297"}}'
    headers:
      api-supported-versions:
      - 2020-07-20-preview2, 2021-02-22-preview1, 2021-03-07, 2021-03-31-preview1,
        2021-10-31-preview, 2021-11-01, 2022-06-01
      content-length:
      - '101'
      content-type:
      - application/json; charset=utf-8
      date:
      - Tue, 01 Mar 2022 20:02:23 GMT
      ms-cv:
      - TQcLghlAx0W2jCcWMk12sA.0
      request-context:
      - appId=
      strict-transport-security:
      - max-age=2592000
      x-cache:
      - CONFIG_NOCACHE
      x-processing-time:
      - 23ms
    status:
      code: 201
      message: Created
- request:
    body: '{}'
    headers:
      Accept:
      - application/json
      Accept-Encoding:
      - gzip, deflate
      Connection:
      - keep-alive
      Content-Length:
      - '2'
      Content-Type:
      - application/json
      User-Agent:
      - azsdk-python-communication-identity/1.2.0 Python/3.9.6 (Windows-10-10.0.22000-SP0)
      x-ms-date:
      - Tue, 01 Mar 2022 20:02:24 GMT
      x-ms-return-client-request-id:
      - 'true'
    method: POST
    uri: https://sanitized.communication.azure.com/identities?api-version=2021-10-31-preview
  response:
    body:
      string: '{"identity": {"id": "8:acs:fac4607d-d2d0-40e5-84df-6f32ebd1251a_0000000f-e6f5-4bd3-1000-343a0d003298"}}'
    headers:
      api-supported-versions:
      - 2020-07-20-preview2, 2021-02-22-preview1, 2021-03-07, 2021-03-31-preview1,
        2021-10-31-preview, 2021-11-01, 2022-06-01
      content-length:
      - '101'
      content-type:
      - application/json; charset=utf-8
      date:
      - Tue, 01 Mar 2022 20:02:23 GMT
      ms-cv:
      - 9stb5HXRR0+WNyYdiWvNkQ.0
      request-context:
      - appId=
      strict-transport-security:
      - max-age=2592000
      x-cache:
      - CONFIG_NOCACHE
      x-processing-time:
      - 23ms
    status:
      code: 201
      message: Created
- request:
    body: '{"validFrom": "2022-03-04T12:02:24.940484Z", "validUntil": "2022-07-04T12:02:24.940484Z",
      "participants": "sanitized"}'
    headers:
      Accept:
      - application/json, text/json
      Content-Length:
      - '204'
      Content-Type:
      - application/json
      User-Agent:
      - azsdk-python-communication-rooms/1.1.0 Python/3.9.6 (Windows-10-10.0.22000-SP0)
      x-ms-date:
      - Tue, 01 Mar 2022 20:02:24 GMT
      x-ms-return-client-request-id:
      - 'true'
    method: POST
    uri: https://sanitized.communication.azure.com/rooms?api-version=2021-04-07
  response:
    body:
      string: '{"room": {"id": "99483365351560225", "createdDateTime": "2022-03-01T20:02:25.1866975+00:00",
        "validFrom": "2022-03-04T12:02:24.940484+00:00", "validUntil": "2022-07-04T12:02:24.940484+00:00",
        "participants": "sanitized"}}'
    headers:
      api-supported-versions: 2021-04-07, 2022-02-01
      content-type: application/json; charset=utf-8
      date: Tue, 01 Mar 2022 20:02:25 GMT
      ms-cv: 4VkSqE6IkEeG2KzNlQof6A.0
      transfer-encoding: chunked
      x-cache: CONFIG_NOCACHE
    status:
      code: 201
      message: Created
    url: https://sanitized.communication.azure.com/rooms?api-version=2021-04-07
- request:
    body: ''
    headers:
      Accept:
      - application/json
      User-Agent:
      - azsdk-python-communication-rooms/1.1.0 Python/3.9.6 (Windows-10-10.0.22000-SP0)
      x-ms-date:
      - Tue, 01 Mar 2022 20:02:25 GMT
      x-ms-return-client-request-id:
      - 'true'
    method: DELETE
    uri: https://sanitized.communication.azure.com/rooms/99483365351560225?api-version=2021-04-07
  response:
    body:
      string: ''
    headers:
      api-supported-versions: 2021-04-07, 2022-02-01
      date: Tue, 01 Mar 2022 20:02:25 GMT
      ms-cv: VOxDlnkxwE+eZ0nZ7dT+dQ.0
      x-cache: CONFIG_NOCACHE
    status:
      code: 204
      message: No Content
    url: https://sanitized.communication.azure.com/rooms/99483365351560225?api-version=2021-04-07
- request:
    body: null
    headers:
      Accept:
      - application/json
      Accept-Encoding:
      - gzip, deflate
      Connection:
      - keep-alive
      Content-Length:
      - '0'
      User-Agent:
      - azsdk-python-communication-identity/1.2.0 Python/3.9.6 (Windows-10-10.0.22000-SP0)
      x-ms-date:
      - Tue, 01 Mar 2022 20:02:25 GMT
      x-ms-return-client-request-id:
      - 'true'
    method: DELETE
    uri: https://sanitized.communication.azure.com/identities/8%3Aacs%3Afac4607d-d2d0-40e5-84df-6f32ebd1251a_0000000f-e6f5-4b40-1000-343a0d003296?api-version=2021-10-31-preview
  response:
    body:
      string: ''
    headers:
      api-supported-versions:
      - 2020-07-20-preview2, 2021-02-22-preview1, 2021-03-07, 2021-03-31-preview1,
        2021-10-31-preview, 2021-11-01, 2022-06-01
      date:
      - Tue, 01 Mar 2022 20:02:24 GMT
      ms-cv:
      - PFW6qq3C7UC49SUhfmymjQ.0
      request-context:
      - appId=
      strict-transport-security:
      - max-age=2592000
      x-cache:
      - CONFIG_NOCACHE
      x-processing-time:
      - 146ms
    status:
      code: 204
      message: No Content
- request:
    body: null
    headers:
      Accept:
      - application/json
      Accept-Encoding:
      - gzip, deflate
      Connection:
      - keep-alive
      Content-Length:
      - '0'
      User-Agent:
      - azsdk-python-communication-identity/1.2.0 Python/3.9.6 (Windows-10-10.0.22000-SP0)
      x-ms-date:
      - Tue, 01 Mar 2022 20:02:25 GMT
      x-ms-return-client-request-id:
      - 'true'
    method: DELETE
    uri: https://sanitized.communication.azure.com/identities/8%3Aacs%3Afac4607d-d2d0-40e5-84df-6f32ebd1251a_0000000f-e6f5-4b8a-1000-343a0d003297?api-version=2021-10-31-preview
  response:
    body:
      string: ''
    headers:
      api-supported-versions:
      - 2020-07-20-preview2, 2021-02-22-preview1, 2021-03-07, 2021-03-31-preview1,
        2021-10-31-preview, 2021-11-01, 2022-06-01
      date:
      - Tue, 01 Mar 2022 20:02:25 GMT
      ms-cv:
      - bR1HKjd0OEmkclbaCZArXw.0
      request-context:
      - appId=
      strict-transport-security:
      - max-age=2592000
      x-cache:
      - CONFIG_NOCACHE
      x-processing-time:
      - 146ms
    status:
      code: 204
      message: No Content
- request:
    body: null
    headers:
      Accept:
      - application/json
      Accept-Encoding:
      - gzip, deflate
      Connection:
      - keep-alive
      Content-Length:
      - '0'
      User-Agent:
      - azsdk-python-communication-identity/1.2.0 Python/3.9.6 (Windows-10-10.0.22000-SP0)
      x-ms-date:
      - Tue, 01 Mar 2022 20:02:26 GMT
      x-ms-return-client-request-id:
      - 'true'
    method: DELETE
    uri: https://sanitized.communication.azure.com/identities/8%3Aacs%3Afac4607d-d2d0-40e5-84df-6f32ebd1251a_0000000f-e6f5-4bd3-1000-343a0d003298?api-version=2021-10-31-preview
  response:
    body:
      string: ''
    headers:
      api-supported-versions:
      - 2020-07-20-preview2, 2021-02-22-preview1, 2021-03-07, 2021-03-31-preview1,
        2021-10-31-preview, 2021-11-01, 2022-06-01
      date:
      - Tue, 01 Mar 2022 20:02:25 GMT
      ms-cv:
      - 0NReCAEfLke2lM4ssWfnyw.0
      request-context:
      - appId=
      strict-transport-security:
      - max-age=2592000
      x-cache:
      - CONFIG_NOCACHE
      x-processing-time:
      - 136ms
    status:
      code: 204
      message: No Content
version: 1
