interactions:
- request:
    body: '{}'
    headers:
      Accept:
      - application/json
      Accept-Encoding:
      - gzip, deflate
      Connection:
      - keep-alive
      Content-Length:
      - '2'
      Content-Type:
      - application/json
      User-Agent:
      - azsdk-python-communication-identity/1.2.0 Python/3.9.6 (Windows-10-10.0.22000-SP0)
      x-ms-date:
      - Tue, 01 Mar 2022 11:00:18 GMT
      x-ms-return-client-request-id:
      - 'true'
    method: POST
    uri: https://sanitized.ppe.communication.azure.net/identities?api-version=2021-10-31-preview
  response:
    body:
      string: '{"identity": {"id": "8:acs:db75ed0c-e801-41a3-99a4-66a0a119a06c_0000000f-e504-fcf9-84f5-08482200f188"}}'
    headers:
      api-supported-versions:
      - 2020-07-20-preview2, 2021-02-22-preview1, 2021-03-07, 2021-03-31-preview1,
        2021-10-31-preview, 2021-11-01, 2022-06-01
      content-length:
      - '101'
      content-type:
      - application/json; charset=utf-8
      date:
      - Tue, 01 Mar 2022 11:00:18 GMT
      ms-cv:
      - Oy2ZPQ9qaU+jGPf8GE6TIQ.0
      request-context:
      - appId=
      strict-transport-security:
      - max-age=2592000
      x-cache:
      - CONFIG_NOCACHE
      x-processing-time:
      - 25ms
    status:
      code: 201
      message: Created
- request:
    body: '{}'
    headers:
      Accept:
      - application/json
      Accept-Encoding:
      - gzip, deflate
      Connection:
      - keep-alive
      Content-Length:
      - '2'
      Content-Type:
      - application/json
      User-Agent:
      - azsdk-python-communication-identity/1.2.0 Python/3.9.6 (Windows-10-10.0.22000-SP0)
      x-ms-date:
      - Tue, 01 Mar 2022 11:00:18 GMT
      x-ms-return-client-request-id:
      - 'true'
    method: POST
    uri: https://sanitized.ppe.communication.azure.net/identities?api-version=2021-10-31-preview
  response:
    body:
      string: '{"identity": {"id": "8:acs:db75ed0c-e801-41a3-99a4-66a0a119a06c_0000000f-e504-fd51-84f5-08482200f189"}}'
    headers:
      api-supported-versions:
      - 2020-07-20-preview2, 2021-02-22-preview1, 2021-03-07, 2021-03-31-preview1,
        2021-10-31-preview, 2021-11-01, 2022-06-01
      content-length:
      - '101'
      content-type:
      - application/json; charset=utf-8
      date:
      - Tue, 01 Mar 2022 11:00:18 GMT
      ms-cv:
      - 6E4IZ3EUBEeepjr4AbE+6A.0
      request-context:
      - appId=
      strict-transport-security:
      - max-age=2592000
      x-cache:
      - CONFIG_NOCACHE
      x-processing-time:
      - 47ms
    status:
      code: 201
      message: Created
- request:
    body: '{}'
    headers:
      Accept:
      - application/json
      Accept-Encoding:
      - gzip, deflate
      Connection:
      - keep-alive
      Content-Length:
      - '2'
      Content-Type:
      - application/json
      User-Agent:
      - azsdk-python-communication-identity/1.2.0 Python/3.9.6 (Windows-10-10.0.22000-SP0)
      x-ms-date:
      - Tue, 01 Mar 2022 11:00:18 GMT
      x-ms-return-client-request-id:
      - 'true'
    method: POST
    uri: https://sanitized.ppe.communication.azure.net/identities?api-version=2021-10-31-preview
  response:
    body:
      string: '{"identity": {"id": "8:acs:db75ed0c-e801-41a3-99a4-66a0a119a06c_0000000f-e504-fd9c-84f5-08482200f18a"}}'
    headers:
      api-supported-versions:
      - 2020-07-20-preview2, 2021-02-22-preview1, 2021-03-07, 2021-03-31-preview1,
        2021-10-31-preview, 2021-11-01, 2022-06-01
      content-length:
      - '101'
      content-type:
      - application/json; charset=utf-8
      date:
      - Tue, 01 Mar 2022 11:00:18 GMT
      ms-cv:
      - EWcBnxLJeUmDgJqpscnMNg.0
      request-context:
      - appId=
      strict-transport-security:
      - max-age=2592000
      x-cache:
      - CONFIG_NOCACHE
      x-processing-time:
      - 38ms
    status:
      code: 201
      message: Created
- request:
    body: '{"validFrom": "2022-03-04T03:00:18.988666Z", "validUntil": "2022-10-04T03:00:18.988666Z"}'
    headers:
      Accept:
      - application/json, text/json
      Accept-Encoding:
      - gzip, deflate
      Connection:
      - keep-alive
      Content-Length:
      - '89'
      Content-Type:
      - application/json
      User-Agent:
      - azsdk-python-communication-rooms/1.1.0 Python/3.9.6 (Windows-10-10.0.22000-SP0)
      x-ms-date:
      - Tue, 01 Mar 2022 11:00:18 GMT
      x-ms-return-client-request-id:
      - 'true'
    method: POST
    uri: https://sanitized.ppe.communication.azure.net/rooms?api-version=2021-04-07
  response:
    body:
      string: '{"type":"https://tools.ietf.org/html/rfc7231#section-6.5.1","title":"One
        or more validation errors occurred.","status":400,"traceId":"00-f47276b5514f999fb3ae4e3413b89c63-79fb44b1b78fc409-00","errors":{"ValidUntil":["The
        time range is incorrect, or larger than 180 days."]}}'
    headers:
      content-type:
      - application/problem+json; charset=utf-8
      date:
      - Tue, 01 Mar 2022 11:00:18 GMT
      ms-cv:
      - uc1aGQyPwUWBoSdYvHhZCw.0
      transfer-encoding:
      - chunked
      x-cache:
      - CONFIG_NOCACHE
    status:
      code: 400
      message: Bad Request
- request:
    body: null
    headers:
      Accept:
      - application/json
      Accept-Encoding:
      - gzip, deflate
      Connection:
      - keep-alive
      Content-Length:
      - '0'
      User-Agent:
      - azsdk-python-communication-identity/1.2.0 Python/3.9.6 (Windows-10-10.0.22000-SP0)
      x-ms-date:
      - Tue, 01 Mar 2022 11:00:19 GMT
      x-ms-return-client-request-id:
      - 'true'
    method: DELETE
    uri: https://sanitized.ppe.communication.azure.net/identities/8%3Aacs%3Adb75ed0c-e801-41a3-99a4-66a0a119a06c_0000000f-e504-fcf9-84f5-08482200f188?api-version=2021-10-31-preview
  response:
    body:
      string: ''
    headers:
      api-supported-versions:
      - 2020-07-20-preview2, 2021-02-22-preview1, 2021-03-07, 2021-03-31-preview1,
        2021-10-31-preview, 2021-11-01, 2022-06-01
      date:
      - Tue, 01 Mar 2022 11:00:19 GMT
      ms-cv:
      - wvrzn1QnkUSYS0t2zJ/oiw.0
      request-context:
      - appId=
      strict-transport-security:
      - max-age=2592000
      x-cache:
      - CONFIG_NOCACHE
      x-processing-time:
      - 103ms
    status:
      code: 204
      message: No Content
- request:
    body: null
    headers:
      Accept:
      - application/json
      Accept-Encoding:
      - gzip, deflate
      Connection:
      - keep-alive
      Content-Length:
      - '0'
      User-Agent:
      - azsdk-python-communication-identity/1.2.0 Python/3.9.6 (Windows-10-10.0.22000-SP0)
      x-ms-date:
      - Tue, 01 Mar 2022 11:00:19 GMT
      x-ms-return-client-request-id:
      - 'true'
    method: DELETE
    uri: https://sanitized.ppe.communication.azure.net/identities/8%3Aacs%3Adb75ed0c-e801-41a3-99a4-66a0a119a06c_0000000f-e504-fd51-84f5-08482200f189?api-version=2021-10-31-preview
  response:
    body:
      string: ''
    headers:
      api-supported-versions:
      - 2020-07-20-preview2, 2021-02-22-preview1, 2021-03-07, 2021-03-31-preview1,
        2021-10-31-preview, 2021-11-01, 2022-06-01
      date:
      - Tue, 01 Mar 2022 11:00:19 GMT
      ms-cv:
      - JlFiYUZr3E24xwhD9FtjcA.0
      request-context:
      - appId=
      strict-transport-security:
      - max-age=2592000
      x-cache:
      - CONFIG_NOCACHE
      x-processing-time:
      - 99ms
    status:
      code: 204
      message: No Content
- request:
    body: null
    headers:
      Accept:
      - application/json
      Accept-Encoding:
      - gzip, deflate
      Connection:
      - keep-alive
      Content-Length:
      - '0'
      User-Agent:
      - azsdk-python-communication-identity/1.2.0 Python/3.9.6 (Windows-10-10.0.22000-SP0)
      x-ms-date:
      - Tue, 01 Mar 2022 11:00:19 GMT
      x-ms-return-client-request-id:
      - 'true'
    method: DELETE
    uri: https://sanitized.ppe.communication.azure.net/identities/8%3Aacs%3Adb75ed0c-e801-41a3-99a4-66a0a119a06c_0000000f-e504-fd9c-84f5-08482200f18a?api-version=2021-10-31-preview
  response:
    body:
      string: ''
    headers:
      api-supported-versions:
      - 2020-07-20-preview2, 2021-02-22-preview1, 2021-03-07, 2021-03-31-preview1,
        2021-10-31-preview, 2021-11-01, 2022-06-01
      date:
      - Tue, 01 Mar 2022 11:00:19 GMT
      ms-cv:
      - PIMZTXREwEeZC7jPhUiKTg.0
      request-context:
      - appId=
      strict-transport-security:
      - max-age=2592000
      x-cache:
      - CONFIG_NOCACHE
      x-processing-time:
      - 103ms
    status:
      code: 204
      message: No Content
version: 1
